// Jest Snapshot v1, https://goo.gl/fbAQLP

exports[`GIVEN the Homepage is rendered THEN the layout is unchanged 1`] = `
<div>
  <main
    class="main"
  >
    <h1>
      ðŸ‘‹ Hello World ðŸ‘‹
    </h1>
  </main>
</div>
`;
